Γùç injected env (1) from .env // tip: Γîÿ enable debugging { debug: true }
Γùç injected env (0) from .env // tip: Γîÿ override existing { override: true }
≡ƒº¬ Starting Live Test Scenarios on Testnet...
   Tester Address: 0xf251038d1dB96Ce1a733Ae92247E0A6F400F275E

[1/6] ≡ƒÆ╕ Minting KORTUSD for testing...
      Γ£à Minted 100,000 KORTUSD successfully.

[2/6] ≡ƒÆº Providing Liquidity (Pool DNR/KORTUSD)...
      Approved LiquidityManager to spend KORTUSD.
